// Jest Snapshot v1, https://goo.gl/fbAQLP

exports[`Project remove modal intialized matches the snapshot 1`] = `
<form
  action="some/path"
  method="post"
>
  <input
    name="_method"
    type="hidden"
    value="delete"
  />
   
  <input
    name="authenticity_token"
    type="hidden"
    value="test-csrf-token"
  />
   
  <gl-button-stub
    buttontextclasses=""
    category="primary"
    icon=""
    role="button"
    size="medium"
    tabindex="0"
    variant="danger"
  >
    Delete project
  </gl-button-stub>
   
  <div
    footer-class="gl-bg-gray-10 gl-p-5"
    ok-variant="danger"
    title-class="gl-text-red-500"
  >
    Are you absolutely sure?  
    <div>
      <gl-alert-stub
        class="gl-mb-5"
        dismisslabel="Dismiss"
        primarybuttonlink=""
        primarybuttontext=""
        secondarybuttonlink=""
        secondarybuttontext=""
        showicon="true"
        title=""
        variant="danger"
      >
        <h4
          class="gl-alert-title"
          data-testid="delete-alert-title"
        >
          
          You are about to delete this project containing:
        
        </h4>
         
        <ul>
          <li>
            <gl-sprintf-stub
              message="1 issue"
            />
          </li>
           
          <li>
            <gl-sprintf-stub
              message="2 merge requests"
            />
          </li>
           
          <li>
            <gl-sprintf-stub
              message="3 forks"
            />
          </li>
           
          <li>
            <gl-sprintf-stub
              message="4 stars"
            />
          </li>
        </ul>
         
        <gl-sprintf-stub
          data-testid="delete-alert-body"
          message="This project is %{strongStart}NOT%{strongEnd} a fork. This process deletes the project repository and all related resources."
        />
      </gl-alert-stub>
       
      <p
        class="gl-mb-1"
      >
        Enter the following to confirm:
      </p>
       
      <p>
        <code
          class="gl-white-space-pre-wrap"
        >
          foo
        </code>
      </p>
       
      <gl-form-input-stub
        id="confirm_name_input"
        name="confirm_name_input"
        type="text"
      />
       
    </div>
  </div>
</form>
`;
