// Jest Snapshot v1, https://goo.gl/fbAQLP

exports[`Remove cluster confirmation modal renders buttons with modal included 1`] = `
<div
  class="gl-display-flex"
>
  <button
    class="btn gl-mr-3 btn-danger btn-md gl-button"
    data-testid="remove-integration-and-resources-button"
    type="button"
  >
    <!---->
     
    <!---->
      
    <span
      class="gl-button-text"
    >
      
    Remove integration and resources
  
    </span>
  </button>
   
  <button
    class="btn btn-danger btn-md gl-button btn-danger-secondary"
    data-testid="remove-integration-button"
    type="button"
  >
    <!---->
     
    <!---->
      
    <span
      class="gl-button-text"
    >
      
    Remove integration
  
    </span>
  </button>
   
  <!---->
</div>
`;
