// Jest Snapshot v1, https://goo.gl/fbAQLP

exports[`content/components/wrappers/table_of_contents collects all headings and renders a nested list of headings 1`] = `
<div
  class="table-of-contents gl-border-1 gl-border-solid gl-border-gray-100 gl-mb-5 gl-p-4!"
  data-testid="table-of-contents"
>
  
  Table of contents
  
  <li>
    <a
      href="#"
    >
      
    Heading 1
  
    </a>
     
    <ul>
      <li>
        <a
          href="#"
        >
          
    Heading 1.1
  
        </a>
         
        <ul>
          <li>
            <a
              href="#"
            >
              
    Heading 1.1.1
  
            </a>
             
            <!---->
          </li>
        </ul>
      </li>
      <li>
        <a
          href="#"
        >
          
    Heading 1.2
  
        </a>
         
        <ul>
          <li>
            <a
              href="#"
            >
              
    Heading 1.2.1
  
            </a>
             
            <!---->
          </li>
        </ul>
      </li>
      <li>
        <a
          href="#"
        >
          
    Heading 1.3
  
        </a>
         
        <!---->
      </li>
      <li>
        <a
          href="#"
        >
          
    Heading 1.4
  
        </a>
         
        <ul>
          <li>
            <a
              href="#"
            >
              
    Heading 1.4.1
  
            </a>
             
            <!---->
          </li>
        </ul>
      </li>
    </ul>
  </li>
  <li>
    <a
      href="#"
    >
      
    Heading 2
  
    </a>
     
    <!---->
  </li>
</div>
`;
