// Jest Snapshot v1, https://goo.gl/fbAQLP

exports[`IDE pipeline stage renders stage details & icon 1`] = `
<div
  class="ide-stage card gl-mt-3"
>
  <div
    class="card-header"
  >
    <ci-icon-stub
      cssclasses=""
      size="24"
      status="[object Object]"
    />
     
    <strong
      class="gl-ml-3 text-truncate"
      data-container="body"
    >
      
      build
    
    </strong>
     
    <div
      class="gl-mr-3 gl-ml-2"
    >
      <gl-badge-stub
        size="md"
        variant="muted"
      >
        4
      </gl-badge-stub>
    </div>
     
    <gl-icon-stub
      class="ide-stage-collapse-icon"
      name="chevron-lg-down"
      size="16"
    />
  </div>
   
  <div
    class="card-body p-0"
  >
    <item-stub
      job="[object Object]"
    />
    <item-stub
      job="[object Object]"
    />
    <item-stub
      job="[object Object]"
    />
    <item-stub
      job="[object Object]"
    />
  </div>
</div>
`;
