// Jest Snapshot v1, https://goo.gl/fbAQLP

exports[`ee/security_dashboard/components/report_status_alert.vue renders the component correctly 1`] = `
VueWrapper {
  "_emitted": Object {},
  "_emittedByOrder": Array [],
  "isFunctionalComponent": undefined,
}
`;
