// Jest Snapshot v1, https://goo.gl/fbAQLP

exports[`Package code instruction multiline to match the snapshot 1`] = `
<div>
  <label
    for="instruction-input_1"
  >
    foo_label
  </label>
   
  <div>
    <pre
      class="gl-font-monospace"
      data-testid="multiline-instruction"
    >
      this is some
multiline text
    </pre>
  </div>
</div>
`;

exports[`Package code instruction single line to match the default snapshot 1`] = `
<div>
  <label
    for="instruction-input_1"
  >
    foo_label
  </label>
   
  <div
    class="gl-mb-3"
  >
    <div
      class="input-group gl-mb-3"
    >
      <input
        class="form-control gl-font-monospace"
        data-testid="instruction-input"
        id="instruction-input_1"
        readonly="readonly"
        type="text"
      />
       
      <span
        class="input-group-append"
        data-testid="instruction-button"
      >
        <button
          aria-label="Copy npm install command"
          aria-live="polite"
          class="btn input-group-text btn-default btn-md gl-button btn-default-secondary btn-icon"
          data-clipboard-handle-tooltip="false"
          data-clipboard-text="npm i @my-package"
          id="clipboard-button-1"
          title="Copy npm install command"
          type="button"
        >
          <!---->
           
          <svg
            aria-hidden="true"
            class="gl-button-icon gl-icon s16"
            data-testid="copy-to-clipboard-icon"
            role="img"
          >
            <use
              href="#copy-to-clipboard"
            />
          </svg>
            
          <!---->
        </button>
      </span>
    </div>
  </div>
</div>
`;
