// Jest Snapshot v1, https://goo.gl/fbAQLP

exports[`ResourceLinkItem template matches the snapshot 1`] = `
<div
  class="item-body d-flex align-items-center gl-px-5 gl-pr-2"
>
  <div
    class="item-contents gl-display-flex gl-align-items-center gl-flex-wrap gl-flex-grow-1 flex-xl-nowrap gl-min-h-7"
  >
    <div
      class="item-title d-flex align-items-xl-center mb-xl-0 gl-min-w-0"
    >
      <svg
        aria-hidden="true"
        class="gl-mr-3 gl-icon s16 ic-zoom"
        data-testid="brand-zoom-icon"
        role="img"
      >
        <use
          href="#brand-zoom"
        />
      </svg>
       
      <a
        class="gl-link sortable-link gl-font-weight-normal"
        href="http://docs.gitlab.com/incident-info"
        rel="noopener noreferrer"
        target="_blank"
      >
        Doclink for incident
      </a>
    </div>
  </div>
   
  <button
    aria-label="Remove"
    class="btn gl-ml-3 btn-default btn-md gl-button btn-default-tertiary btn-icon"
    title="Remove"
    type="button"
  >
    <!---->
     
    <svg
      aria-hidden="true"
      class="gl-button-icon gl-icon s16"
      data-testid="close-icon"
      role="img"
    >
      <use
        href="#close"
      />
    </svg>
      
    <!---->
  </button>
</div>
`;
