// Jest Snapshot v1, https://goo.gl/fbAQLP

exports[`Subscription Seats renders table content renders the correct data 1`] = `
Array [
  Object {
    "email": "administrator@email.com",
    "removeUserButtonExists": true,
    "tooltip": undefined,
    "user": Object {
      "avatarLabeled": Object {
        "size": "32",
        "src": "path/to/img_administrator",
        "text": "Administrator   @root",
      },
      "avatarLink": Object {
        "alt": "Administrator",
        "href": "path/to/administrator",
      },
    },
  },
  Object {
    "email": "agustin_walker@email.com",
    "removeUserButtonExists": true,
    "tooltip": undefined,
    "user": Object {
      "avatarLabeled": Object {
        "size": "32",
        "src": "path/to/img_agustin_walker",
        "text": "Agustin Walker   @lester.orn",
      },
      "avatarLink": Object {
        "alt": "Agustin Walker",
        "href": "path/to/agustin_walker",
      },
    },
  },
  Object {
    "email": "Private",
    "removeUserButtonExists": true,
    "tooltip": "An email address is only visible for users with public emails.",
    "user": Object {
      "avatarLabeled": Object {
        "size": "32",
        "src": "path/to/img_joella_miller",
        "text": "Joella Miller  
                Group invite
                @era",
      },
      "avatarLink": Object {
        "alt": "Joella Miller",
        "href": "path/to/joella_miller",
      },
    },
  },
  Object {
    "email": "jdoe@email.com",
    "removeUserButtonExists": true,
    "tooltip": undefined,
    "user": Object {
      "avatarLabeled": Object {
        "size": "32",
        "src": "path/to/img_john_doe",
        "text": "John Doe   
                Project invite
               @jdoe",
      },
      "avatarLink": Object {
        "alt": "John Doe",
        "href": "path/to/john_doe",
      },
    },
  },
  Object {
    "email": "jsnow@email.com",
    "removeUserButtonExists": true,
    "tooltip": undefined,
    "user": Object {
      "avatarLabeled": Object {
        "size": "32",
        "src": "path/to/img_john_snow",
        "text": "John Snow   @jown.snow",
      },
      "avatarLink": Object {
        "alt": "John Snow",
        "href": "path/to/john_snow",
      },
    },
  },
  Object {
    "email": "current_user@email.com",
    "removeUserButtonExists": true,
    "tooltip": undefined,
    "user": Object {
      "avatarLabeled": Object {
        "size": "32",
        "src": "path/to/img_curent_user",
        "text": "Current user   @current.user",
      },
      "avatarLink": Object {
        "alt": "Current user",
        "href": "path/to/current_user",
      },
    },
  },
]
`;
