// Jest Snapshot v1, https://goo.gl/fbAQLP

exports[`OnDemandScansSiteProfileSelector renders properly without profiles 1`] = `
<div
  class="gl-card"
  data-foo="bar"
>
  <div
    class="gl-card-header"
  >
    <div
      class="row"
    >
      <div
        class="col-7 gl-display-flex gl-align-items-center"
      >
        <h3
          class="gl-font-lg gl-my-0"
        >
          Site profile
        </h3>
      </div>
    </div>
  </div>
   
  <div
    class="gl-card-body"
  >
     
    <p
      class="gl-text-gray-700"
    >
      No profile yet. In order to create a new scan, you need to have at least one completed site profile.
    </p>
     
    <a
      class="btn btn-confirm btn-md gl-button btn-confirm-secondary"
      data-testid="create-profile-link"
      href="/test/new/site/profile/path"
    >
      <!---->
       
      <!---->
        
      <span
        class="gl-button-text"
      >
        Create new site profile
      </span>
    </a>
  </div>
   
  <!---->
</div>
`;
