// Jest Snapshot v1, https://goo.gl/fbAQLP

exports[`Code Coverage when fetching data is successful matches the snapshot 1`] = `
<div>
  <div
    class="gl-display-flex gl-justify-content-space-between gl-align-items-center gl-border-t gl-pt-4 gl-mb-3"
  >
    <h4
      class="gl-m-0"
      sub-header=""
    >
      <gl-sprintf-stub
        message="Code coverage statistics for %{ref} %{start_date} - %{end_date}"
      />
    </h4>
     
    <gl-button-stub
      buttontextclasses=""
      category="primary"
      data-testid="download-button"
      href="url/"
      icon=""
      size="small"
      variant="default"
    >
      
      Download raw data (.csv)
    
    </gl-button-stub>
  </div>
   
  <div
    class="gl-mt-3 gl-mb-3"
  >
    <!---->
     
    <!---->
     
    <gl-dropdown-stub
      category="primary"
      clearalltext="Clear all"
      clearalltextclass="gl-px-5"
      headertext=""
      hideheaderborder="true"
      highlighteditemstitle="Selected"
      highlighteditemstitleclass="gl-px-5"
      size="medium"
      text="rspec"
      variant="default"
    >
      <gl-dropdown-item-stub
        avatarurl=""
        iconcolor=""
        iconname=""
        iconrightarialabel=""
        iconrightname=""
        ischecked="true"
        ischeckitem="true"
        secondarytext=""
        value="rspec"
      >
        
        rspec
      
      </gl-dropdown-item-stub>
      <gl-dropdown-item-stub
        avatarurl=""
        iconcolor=""
        iconname=""
        iconrightarialabel=""
        iconrightname=""
        ischeckitem="true"
        secondarytext=""
        value="cypress"
      >
        
        cypress
      
      </gl-dropdown-item-stub>
      <gl-dropdown-item-stub
        avatarurl=""
        iconcolor=""
        iconname=""
        iconrightarialabel=""
        iconrightname=""
        ischeckitem="true"
        secondarytext=""
        value="karma"
      >
        
        karma
      
      </gl-dropdown-item-stub>
    </gl-dropdown-stub>
  </div>
   
  <gl-area-chart-stub
    annotations=""
    data="[object Object]"
    formattooltiptext="[Function]"
    height="200"
    includelegendavgmax="true"
    legendaveragetext="Avg"
    legendcurrenttext="Current"
    legendlayout="inline"
    legendmaxtext="Max"
    legendmintext="Min"
    option="[object Object]"
    responsive=""
    thresholds=""
  />
</div>
`;
